// Jest Snapshot v1, https://goo.gl/fbAQLP

exports[`Data Viewer stack should match snapshot 1`] = `
{
  "Parameters": {
    "BootstrapVersion": {
      "Default": "/cdk-bootstrap/hnb659fds/version",
      "Description": "Version of the CDK Bootstrap resources in this environment, automatically retrieved from SSM Parameter Store. [cdk:skip]",
      "Type": "AWS::SSM::Parameter::Value<String>",
    },
  },
  "Resources": {
    "MqttMetricsDashboard04861D1E": {
      "Properties": {
        "DashboardBody": {
          "Fn::Join": [
            "",
            [
              "{"widgets":[{"type":"metric","width":12,"height":6,"x":0,"y":0,"properties":{"view":"timeSeries","region":"",
              {
                "Ref": "AWS::Region",
              },
              "","metrics":[[{"expression":"SELECT AVG(Temperature) FROM SCHEMA(ThingData, Device) GROUP BY Device","period":60}]],"yAxis":{"left":{"label":"Temperature (Â°C)","min":0,"max":100,"showUnits":false}},"liveData":true}},{"type":"metric","width":12,"height":6,"x":12,"y":0,"properties":{"view":"timeSeries","region":"",
              {
                "Ref": "AWS::Region",
              },
              "","metrics":[[{"expression":"SELECT AVG(Temperature) FROM SCHEMA(ThingData, Device) GROUP BY Device","period":60}]],"yAxis":{"left":{"label":"Humidity (%)","min":0,"max":100,"showUnits":false}},"liveData":true}}]}",
            ],
          ],
        },
        "DashboardName": "ThingDataViewer",
      },
      "Type": "AWS::CloudWatch::Dashboard",
    },
    "MqttToCloudwatchMetricsLambda34BF85AC": {
      "DependsOn": [
        "MqttToCloudwatchMetricsLambdaServiceRoleDefaultPolicyE8A3E50E",
        "MqttToCloudwatchMetricsLambdaServiceRole76A974D2",
      ],
      "Properties": {
        "Code": {
          "S3Bucket": {
            "Fn::Sub": "cdk-hnb659fds-assets-\${AWS::AccountId}-\${AWS::Region}",
          },
          "S3Key": "a4eb3312bbb5639b390f46b96fd8658c7e14ea9c64212fe214f54124c1226a4e.zip",
        },
        "Environment": {
          "Variables": {
            "AWS_NODEJS_CONNECTION_REUSE_ENABLED": "1",
            "METRIC_DIMENSION": "Device",
            "METRIC_NAMESPACE": "ThingData",
          },
        },
        "FunctionName": "MqttToCloudwatchMetricsLambda",
        "Handler": "./src/index.handler",
        "Role": {
          "Fn::GetAtt": [
            "MqttToCloudwatchMetricsLambdaServiceRole76A974D2",
            "Arn",
          ],
        },
        "Runtime": "nodejs20.x",
        "Timeout": 60,
      },
      "Type": "AWS::Lambda::Function",
    },
    "MqttToCloudwatchMetricsLambdaInvokeX1kgdpeq4A1b3T4Qgx5teuCJ9kkxQXuTuwWc9FHExDE9E699F21": {
      "Properties": {
        "Action": "lambda:InvokeFunction",
        "FunctionName": {
          "Fn::GetAtt": [
            "MqttToCloudwatchMetricsLambda34BF85AC",
            "Arn",
          ],
        },
        "Principal": "iot.amazonaws.com",
      },
      "Type": "AWS::Lambda::Permission",
    },
    "MqttToCloudwatchMetricsLambdaServiceRole76A974D2": {
      "Properties": {
        "AssumeRolePolicyDocument": {
          "Statement": [
            {
              "Action": "sts:AssumeRole",
              "Effect": "Allow",
              "Principal": {
                "Service": "lambda.amazonaws.com",
              },
            },
          ],
          "Version": "2012-10-17",
        },
        "ManagedPolicyArns": [
          {
            "Fn::Join": [
              "",
              [
                "arn:",
                {
                  "Ref": "AWS::Partition",
                },
                ":iam::aws:policy/service-role/AWSLambdaBasicExecutionRole",
              ],
            ],
          },
        ],
      },
      "Type": "AWS::IAM::Role",
    },
    "MqttToCloudwatchMetricsLambdaServiceRoleDefaultPolicyE8A3E50E": {
      "Properties": {
        "PolicyDocument": {
          "Statement": [
            {
              "Action": [
                "logs:PutLogEvents",
                "logs:CreateLogStream",
                "logs:CreateLogGroup",
              ],
              "Effect": "Allow",
              "Resource": "arn:aws:logs:region:1234:*",
            },
            {
              "Action": "cloudwatch:PutMetricData",
              "Effect": "Allow",
              "Resource": "*",
            },
          ],
          "Version": "2012-10-17",
        },
        "PolicyName": "MqttToCloudwatchMetricsLambdaServiceRoleDefaultPolicyE8A3E50E",
        "Roles": [
          {
            "Ref": "MqttToCloudwatchMetricsLambdaServiceRole76A974D2",
          },
        ],
      },
      "Type": "AWS::IAM::Policy",
    },
    "ThingDataRule": {
      "Properties": {
        "RuleName": "thing_data_rule",
        "TopicRulePayload": {
          "Actions": [
            {
              "Lambda": {
                "FunctionArn": {
                  "Fn::GetAtt": [
                    "MqttToCloudwatchMetricsLambda34BF85AC",
                    "Arn",
                  ],
                },
              },
            },
          ],
          "AwsIotSqlVersion": "2016-03-23",
          "Description": "Rule created to forward MQTT payloads to a lambda",
          "ErrorAction": {
            "CloudwatchLogs": {
              "LogGroupName": "rule-errors",
              "RoleArn": {
                "Fn::GetAtt": [
                  "valmetalputToS3Actionrole44C6EABD",
                  "Arn",
                ],
              },
            },
          },
          "Sql": "SELECT * from '$aws/rules/thing_data_rule'",
        },
      },
      "Type": "AWS::IoT::TopicRule",
    },
    "valmetalputToS3Actionrole44C6EABD": {
      "Properties": {
        "AssumeRolePolicyDocument": {
          "Statement": [
            {
              "Action": "sts:AssumeRole",
              "Effect": "Allow",
              "Principal": {
                "Service": "iot.amazonaws.com",
              },
            },
          ],
          "Version": "2012-10-17",
        },
      },
      "Type": "AWS::IAM::Role",
    },
    "valmetalputToS3ActionroleDefaultPolicy39757A7A": {
      "Properties": {
        "PolicyDocument": {
          "Statement": [
            {
              "Action": [
                "logs:PutLogEvents",
                "logs:CreateLogStream",
                "logs:CreateLogGroup",
              ],
              "Effect": "Allow",
              "Resource": "arn:aws:logs:region:1234:*",
            },
          ],
          "Version": "2012-10-17",
        },
        "PolicyName": "valmetalputToS3ActionroleDefaultPolicy39757A7A",
        "Roles": [
          {
            "Ref": "valmetalputToS3Actionrole44C6EABD",
          },
        ],
      },
      "Type": "AWS::IAM::Policy",
    },
  },
  "Rules": {
    "CheckBootstrapVersion": {
      "Assertions": [
        {
          "Assert": {
            "Fn::Not": [
              {
                "Fn::Contains": [
                  [
                    "1",
                    "2",
                    "3",
                    "4",
                    "5",
                  ],
                  {
                    "Ref": "BootstrapVersion",
                  },
                ],
              },
            ],
          },
          "AssertDescription": "CDK bootstrap stack version 6 required. Please run 'cdk bootstrap' with a recent version of the CDK CLI.",
        },
      ],
    },
  },
}
`;
